python : 2025-07-20 21:54:13,561 - lib.trading.pnl_integration.trade_ledger_adapter - INFO - Found latest 
trade ledger: data/input/trade_ledger\trades_20250721.csv
At line:1 char:1
+ python scripts/test_trade_ledger_to_tyu5.py > test_output.txt 2>&1
+ ~~~~~~~~~~~~~~~~~~~~~~~~~~~~~~~~~~~~~~~~~~~~~~~~~~~~~~~~~~~~~~~~~~
    + CategoryInfo          : NotSpecified: (2025-07-20 21:5...es_20250721.csv:String) [], RemoteException
    + FullyQualifiedErrorId : NativeCommandError
 
2025-07-20 21:54:13,561 - lib.trading.pnl_integration.trade_ledger_adapter - INFO - Reading trade ledger 
from: data/input/trade_ledger\trades_20250721.csv
2025-07-20 21:54:13,595 - lib.trading.pnl_integration.trade_ledger_adapter - INFO - Loaded 8 trades from 
data/input/trade_ledger\trades_20250721.csv
2025-07-20 21:54:13,595 - lib.trading.pnl_integration.trade_ledger_adapter - DEBUG - Columns: ['tradeId', 
'instrumentName', 'marketTradeTime', 'buySell', 'quantity', 'price']
2025-07-20 21:54:13,595 - lib.trading.pnl_integration.trade_ledger_adapter - DEBUG - No trades filtered 
(all 8 have non-zero prices)
2025-07-20 21:54:13,596 - lib.trading.pnl_integration.trade_ledger_adapter - INFO - Transforming trades to 
TYU5 format
2025-07-20 21:54:13,596 - lib.trading.pnl_integration.trade_ledger_adapter - DEBUG - Row 0: Parsing 
XCMEFFDPSX20250919U0ZN
2025-07-20 21:54:13,596 - lib.trading.pnl_integration.trade_ledger_adapter - DEBUG - Future: product=ZN, 
month=U
2025-07-20 21:54:13,596 - lib.trading.pnl_integration.trade_ledger_adapter - INFO - Future: 
XCMEFFDPSX20250919U0ZN \u2192 TYU5
2025-07-20 21:54:13,597 - lib.trading.pnl_integration.trade_ledger_adapter - DEBUG - Row 0: 
XCMEFFDPSX20250919U0ZN \u2192 TYU5 (FUT)
2025-07-20 21:54:13,597 - lib.trading.pnl_integration.trade_ledger_adapter - DEBUG - Row 1: Parsing 
XCMEOPADPS20250721N0VY3/111.25
2025-07-20 21:54:13,597 - lib.trading.pnl_integration.trade_ledger_adapter - DEBUG - Option: series=VY3, 
strike=111.25
2025-07-20 21:54:13,597 - lib.trading.pnl_integration.trade_ledger_adapter - INFO - Option: 
XCMEOPADPS20250721N0VY3/111.25 \u2192 VY3N5 P 111.25
2025-07-20 21:54:13,597 - lib.trading.pnl_integration.trade_ledger_adapter - DEBUG - Row 1: 
XCMEOPADPS20250721N0VY3/111.25 \u2192 VY3N5 P 111.25 (PUT)
2025-07-20 21:54:13,597 - lib.trading.pnl_integration.trade_ledger_adapter - DEBUG - Row 2: Parsing 
XCMEOPADPS20250721N0VY3/111.25
2025-07-20 21:54:13,597 - lib.trading.pnl_integration.trade_ledger_adapter - DEBUG - Option: series=VY3, 
strike=111.25
2025-07-20 21:54:13,598 - lib.trading.pnl_integration.trade_ledger_adapter - INFO - Option: 
XCMEOPADPS20250721N0VY3/111.25 \u2192 VY3N5 P 111.25
2025-07-20 21:54:13,598 - lib.trading.pnl_integration.trade_ledger_adapter - DEBUG - Row 2: 
XCMEOPADPS20250721N0VY3/111.25 \u2192 VY3N5 P 111.25 (PUT)
2025-07-20 21:54:13,598 - lib.trading.pnl_integration.trade_ledger_adapter - DEBUG - Row 3: Parsing 
XCMEOPADPS20250723N0WY4/111.5
2025-07-20 21:54:13,598 - lib.trading.pnl_integration.trade_ledger_adapter - DEBUG - Option: series=WY4, 
strike=111.5
2025-07-20 21:54:13,598 - lib.trading.pnl_integration.trade_ledger_adapter - INFO - Option: 
XCMEOPADPS20250723N0WY4/111.5 \u2192 WY4N5 P 111.5
2025-07-20 21:54:13,598 - lib.trading.pnl_integration.trade_ledger_adapter - DEBUG - Row 3: 
XCMEOPADPS20250723N0WY4/111.5 \u2192 WY4N5 P 111.5 (PUT)
2025-07-20 21:54:13,598 - lib.trading.pnl_integration.trade_ledger_adapter - DEBUG - Row 4: Parsing 
XCMEOPADPS20250723N0WY4/110.75
2025-07-20 21:54:13,598 - lib.trading.pnl_integration.trade_ledger_adapter - DEBUG - Option: series=WY4, 
strike=110.75
2025-07-20 21:54:13,598 - lib.trading.pnl_integration.trade_ledger_adapter - INFO - Option: 
XCMEOPADPS20250723N0WY4/110.75 \u2192 WY4N5 P 110.75
2025-07-20 21:54:13,598 - lib.trading.pnl_integration.trade_ledger_adapter - DEBUG - Row 4: 
XCMEOPADPS20250723N0WY4/110.75 \u2192 WY4N5 P 110.75 (PUT)
2025-07-20 21:54:13,599 - lib.trading.pnl_integration.trade_ledger_adapter - DEBUG - Row 5: Parsing 
XCMEOPADPS20250723N0WY4/111
2025-07-20 21:54:13,599 - lib.trading.pnl_integration.trade_ledger_adapter - DEBUG - Option: series=WY4, 
strike=111
2025-07-20 21:54:13,599 - lib.trading.pnl_integration.trade_ledger_adapter - INFO - Option: 
XCMEOPADPS20250723N0WY4/111 \u2192 WY4N5 P 111
2025-07-20 21:54:13,599 - lib.trading.pnl_integration.trade_ledger_adapter - DEBUG - Row 5: 
XCMEOPADPS20250723N0WY4/111 \u2192 WY4N5 P 111 (PUT)
2025-07-20 21:54:13,599 - lib.trading.pnl_integration.trade_ledger_adapter - DEBUG - Row 6: Parsing 
XCMEOPADPS20250725N0ZN4/110.75
2025-07-20 21:54:13,599 - lib.trading.pnl_integration.trade_ledger_adapter - DEBUG - Option: series=ZN4, 
strike=110.75
2025-07-20 21:54:13,599 - lib.trading.pnl_integration.trade_ledger_adapter - INFO - July 25 Friday option: 
XCMEOPADPS20250725N0ZN4/110.75 \u2192 OZNQ5 P 110.75
2025-07-20 21:54:13,599 - lib.trading.pnl_integration.trade_ledger_adapter - INFO - Option: 
XCMEOPADPS20250725N0ZN4/110.75 \u2192 OZNQ5 P 110.75
2025-07-20 21:54:13,599 - lib.trading.pnl_integration.trade_ledger_adapter - DEBUG - Row 6: 
XCMEOPADPS20250725N0ZN4/110.75 \u2192 OZNQ5 P 110.75 (PUT)
2025-07-20 21:54:13,599 - lib.trading.pnl_integration.trade_ledger_adapter - DEBUG - Row 7: Parsing 
XCMEOPADPS20250725N0ZN4/111.25
2025-07-20 21:54:13,599 - lib.trading.pnl_integration.trade_ledger_adapter - DEBUG - Option: series=ZN4, 
strike=111.25
2025-07-20 21:54:13,599 - lib.trading.pnl_integration.trade_ledger_adapter - INFO - July 25 Friday option: 
XCMEOPADPS20250725N0ZN4/111.25 \u2192 OZNQ5 P 111.25
2025-07-20 21:54:13,600 - lib.trading.pnl_integration.trade_ledger_adapter - INFO - Option: 
XCMEOPADPS20250725N0ZN4/111.25 \u2192 OZNQ5 P 111.25
2025-07-20 21:54:13,600 - lib.trading.pnl_integration.trade_ledger_adapter - DEBUG - Row 7: 
XCMEOPADPS20250725N0ZN4/111.25 \u2192 OZNQ5 P 111.25 (PUT)
2025-07-20 21:54:13,601 - lib.trading.pnl_integration.trade_ledger_adapter - INFO - Successfully 
transformed 8/8 trades
2025-07-20 21:54:13,601 - lib.trading.pnl_integration.trade_ledger_adapter - INFO - Trade types: {'PUT': 7, 
'FUT': 1}
2025-07-20 21:54:13,601 - lib.trading.pnl_integration.trade_ledger_adapter - INFO - Unique symbols: 7
2025-07-20 21:54:13,602 - lib.trading.pnl_integration.trade_ledger_adapter - INFO - Fetching market prices 
for 7 symbols
2025-07-20 21:54:13,669 - lib.trading.pnl_calculator.storage - INFO - Database initialized at 
data/output/pnl/pnl_tracker.db
2025-07-20 21:54:15,121 - lib.trading.pnl_integration.tyu5_adapter - WARNING - Could not translate CME 
symbol: VY3N5
2025-07-20 21:54:15,122 - lib.trading.pnl_integration.tyu5_adapter - DEBUG - Option lookup: VY3N5 P 111.25 
-> VY3N5 111.25 Comdty
2025-07-20 21:54:15,122 - lib.trading.pnl_integration.tyu5_adapter - DEBUG - No market price found for 
option: VY3N5 111.25 Comdty
2025-07-20 21:54:15,122 - lib.trading.pnl_integration.tyu5_adapter - WARNING - Could not translate CME 
symbol: WY4N5
2025-07-20 21:54:15,122 - lib.trading.pnl_integration.tyu5_adapter - DEBUG - Option lookup: WY4N5 P 111.5 
-> WY4N5 111.5 Comdty
2025-07-20 21:54:15,123 - lib.trading.pnl_integration.tyu5_adapter - DEBUG - No market price found for 
option: WY4N5 111.5 Comdty
2025-07-20 21:54:15,123 - lib.trading.pnl_integration.tyu5_adapter - WARNING - Could not translate CME 
symbol: WY4N5
2025-07-20 21:54:15,123 - lib.trading.pnl_integration.tyu5_adapter - DEBUG - Option lookup: WY4N5 P 110.75 
-> WY4N5 110.75 Comdty
2025-07-20 21:54:15,123 - lib.trading.pnl_integration.tyu5_adapter - DEBUG - No market price found for 
option: WY4N5 110.75 Comdty
2025-07-20 21:54:15,123 - lib.trading.pnl_integration.tyu5_adapter - WARNING - Could not translate CME 
symbol: WY4N5
2025-07-20 21:54:15,123 - lib.trading.pnl_integration.tyu5_adapter - DEBUG - Option lookup: WY4N5 P 111 -> 
WY4N5 111 Comdty
2025-07-20 21:54:15,124 - lib.trading.pnl_integration.tyu5_adapter - DEBUG - No market price found for 
option: WY4N5 111 Comdty
2025-07-20 21:54:15,124 - lib.trading.pnl_integration.tyu5_adapter - WARNING - Could not translate CME 
symbol: OZNQ5
2025-07-20 21:54:15,124 - lib.trading.pnl_integration.tyu5_adapter - DEBUG - Option lookup: OZNQ5 P 110.75 
-> OZNQ5 110.75 Comdty
2025-07-20 21:54:15,124 - lib.trading.pnl_integration.tyu5_adapter - DEBUG - No market price found for 
option: OZNQ5 110.75 Comdty
2025-07-20 21:54:15,124 - lib.trading.pnl_integration.tyu5_adapter - WARNING - Could not translate CME 
symbol: OZNQ5
2025-07-20 21:54:15,124 - lib.trading.pnl_integration.tyu5_adapter - DEBUG - Option lookup: OZNQ5 P 111.25 
-> OZNQ5 111.25 Comdty
2025-07-20 21:54:15,125 - lib.trading.pnl_integration.tyu5_adapter - DEBUG - No market price found for 
option: OZNQ5 111.25 Comdty
2025-07-20 21:54:15,125 - lib.trading.pnl_integration.tyu5_adapter - INFO - Found market prices for 0/7 
symbols
2025-07-20 21:54:15,131 - lib.trading.pnl_calculator.storage - INFO - Database initialized at 
data/output/pnl/pnl_tracker.db
================================================================================
TRADE LEDGER TO TYU5 ADAPTER TEST
================================================================================

1. Finding latest trade ledger...
[MONITOR] lib.trading.pnl_calculator.storage._initialize_database executed in 61.593ms
Failed to parse VY3N5: Invalid CME format: VY3N5
Failed to parse WY4N5: Invalid CME format: WY4N5
Failed to parse WY4N5: Invalid CME format: WY4N5
Failed to parse WY4N5: Invalid CME format: WY4N5
Failed to parse OZNQ5: Invalid CME format: OZNQ5
Failed to parse OZNQ5: Invalid CME format: OZNQ5

2. Transformation Results:
   - Total trades: 8
   - Market prices: 0

3. Sample Trades (first 5):
--------------------------------------------------------------------------------
   Trade 1:
     Date/Time: 2025-07-19 00:00:00 00:00:00
     Symbol: TYU5 (FUT)
     Action: BUY 1000.0 @ 110.0
     Trade ID: 1
     Bloomberg: TYU5 Comdty

   Trade 2:
     Date/Time: 2025-07-19 01:00:00 01:00:00
     Symbol: VY3N5 P 111.25 (PUT)
     Action: SELL 100.0 @ 0.039
     Trade ID: 2
     Bloomberg: VBYN25P3 111.250 Comdty

   Trade 3:
     Date/Time: 2025-07-19 02:00:00 02:00:00
     Symbol: VY3N5 P 111.25 (PUT)
     Action: BUY 200.0 @ 0.011
     Trade ID: 3
     Bloomberg: VBYN25P3 111.250 Comdty

   Trade 4:
     Date/Time: 2025-07-19 03:00:00 03:00:00
     Symbol: WY4N5 P 111.5 (PUT)
     Action: BUY 150.0 @ 0.102
     Trade ID: 4
     Bloomberg: WBYN25P4 111.500 Comdty

   Trade 5:
     Date/Time: 2025-07-19 04:00:00 04:00:00
     Symbol: WY4N5 P 110.75 (PUT)
     Action: BUY 100.0 @ 0.039
     Trade ID: 5
     Bloomberg: WBYN25P4 110.750 Comdty


4. Trade Type Summary:
   - PUT: 7
   - FUT: 1

5. Unique Symbols:
   - OZNQ5 P 110.75
   - OZNQ5 P 111.25
   - TYU5
   - VY3N5 P 111.25
   - WY4N5 P 110.75
   - WY4N5 P 111
   - WY4N5 P 111.5

7. Testing TYU5 Integration:
--------------------------------------------------------------------------------
[MONITOR] lib.trading.pnl_calculator.storage._initialize_database executed in 3.986ms
   Running TYU5 calculation...
{'now': datetime.datetime(2025, 7, 20, 0, 0), 'option_symbol': 'VY3N5', 'calendar_csv': 'core/ExpirationCalendar.csv', 'F': 110.359375, 'K': 111.25, 'P': 0.011, 'Prior': 0.011, 'F_prior': 110.15625, 'dT': 0.003968253968253968, 'option_type': 'p', 'r': 0.01}
[INFO] Original NOW: 2025-07-19 00:00:00, Symbol: VY3N5
[INFO] Localized NOW (Chicago): 2025-07-19 00:00:00-05:00
[INFO] Localized EXPIRY (Chicago): 2025-07-21 14:00:00-05:00
[INFO] Raw minutes to expiry: 3780.00
[WARN] Fallback T (year fraction): 0.0105000000
{'now': datetime.datetime(2025, 7, 20, 0, 0), 'option_symbol': 'WY4N5', 'calendar_csv': 'core/ExpirationCalendar.csv', 'F': 110.359375, 'K': 111.5, 'P': 0.102, 'Prior': 0.102, 'F_prior': 110.15625, 'dT': 0.003968253968253968, 'option_type': 'p', 'r': 0.01}
[INFO] Original NOW: 2025-07-19 00:00:00, Symbol: WY4N5
[INFO] Localized NOW (Chicago): 2025-07-19 00:00:00-05:00
[INFO] Localized EXPIRY (Chicago): 2025-07-23 14:00:00-05:00
[INFO] Raw minutes to expiry: 6660.00
[WARN] Fallback T (year fraction): 0.0185000000
{'now': datetime.datetime(2025, 7, 20, 0, 0), 'option_symbol': 'WY4N5', 'calendar_csv': 'core/ExpirationCalendar.csv', 'F': 110.359375, 'K': 110.75, 'P': 0.039, 'Prior': 0.039, 'F_prior': 110.15625, 'dT': 0.003968253968253968, 'option_type': 'p', 'r': 0.01}
[INFO] Original NOW: 2025-07-19 00:00:00, Symbol: WY4N5
[INFO] Localized NOW (Chicago): 2025-07-19 00:00:00-05:00
[INFO] Localized EXPIRY (Chicago): 2025-07-23 14:00:00-05:00
[INFO] Raw minutes to expiry: 6660.00
[WARN] Fallback T (year fraction): 0.0185000000
{'now': datetime.datetime(2025, 7, 20, 0, 0), 'option_symbol': 'WY4N5', 'calendar_csv': 'core/ExpirationCalendar.csv', 'F': 110.359375, 'K': 111.0, 'P': 0.011, 'Prior': 0.011, 'F_prior': 110.15625, 'dT': 0.003968253968253968, 'option_type': 'p', 'r': 0.01}
[INFO] Original NOW: 2025-07-19 00:00:00, Symbol: WY4N5
[INFO] Localized NOW (Chicago): 2025-07-19 00:00:00-05:00
[INFO] Localized EXPIRY (Chicago): 2025-07-23 14:00:00-05:00
[INFO] Raw minutes to expiry: 6660.00
[WARN] Fallback T (year fraction): 0.0185000000
{'now': datetime.datetime(2025, 7, 20, 0, 0), 'option_symbol': 'OZNQ5', 'calendar_csv': 'core/ExpirationCalendar.csv', 'F': 110.359375, 'K': 110.75, 'P': 0.227, 'Prior': 0.227, 'F_prior': 110.15625, 'dT': 0.003968253968253968, 'option_type': 'p', 'r': 0.01}
[INFO] Original NOW: 2025-07-19 00:00:00, Symbol: OZNQ5
[INFO] Localized NOW (Chicago): 2025-07-19 00:00:00-05:00
[INFO] Localized EXPIRY (Chicago): 2025-07-25 16:00:00-05:00
[INFO] Raw minutes to expiry: 9660.00
[WARN] Fallback T (year fraction): 0.0268333333
{'now': datetime.datetime(2025, 7, 20, 0, 0), 'option_symbol': 'OZNQ5', 'calendar_csv': 'core/ExpirationCalendar.csv', 'F': 110.359375, 'K': 111.25, 'P': 0.023, 'Prior': 0.023, 'F_prior': 110.15625, 'dT': 0.003968253968253968, 'option_type': 'p', 'r': 0.01}
[INFO] Original NOW: 2025-07-19 00:00:00, Symbol: OZNQ5
[INFO] Localized NOW (Chicago): 2025-07-19 00:00:00-05:00
[INFO] Localized EXPIRY (Chicago): 2025-07-25 16:00:00-05:00
[INFO] Raw minutes to expiry: 9660.00
[WARN] Fallback T (year fraction): 0.0268333333
Traceback (most recent call last):
  File "Z:\uikitxv2\scripts\test_trade_ledger_to_tyu5.py", line 102, in test_adapter
    print(f"   \u2713 TYU5 calculation completed!")
    ~~~~~^^^^^^^^^^^^^^^^^^^^^^^^^^^^^^^^^^^^^
  File "C:\Users\erict\Anaconda3\Lib\encodings\cp1252.py", line 19, in encode
    return codecs.charmap_encode(input,self.errors,encoding_table)[0]
           ~~~~~~~~~~~~~~~~~~~~~^^^^^^^^^^^^^^^^^^^^^^^^^^^^^^^^^^
UnicodeEncodeError: 'charmap' codec can't encode character '\u2713' in position 3: character maps to 
<undefined>

During handling of the above exception, another exception occurred:

Traceback (most recent call last):
  File "Z:\uikitxv2\scripts\test_trade_ledger_to_tyu5.py", line 116, in <module>
    test_adapter()
    ~~~~~~~~~~~~^^
  File "Z:\uikitxv2\scripts\test_trade_ledger_to_tyu5.py", line 107, in test_adapter
    print(f"   \u2717 TYU5 calculation failed: {e}")
    ~~~~~^^^^^^^^^^^^^^^^^^^^^^^^^^^^^^^^^^^^^^
  File "C:\Users\erict\Anaconda3\Lib\encodings\cp1252.py", line 19, in encode
    return codecs.charmap_encode(input,self.errors,encoding_table)[0]
           ~~~~~~~~~~~~~~~~~~~~~^^^^^^^^^^^^^^^^^^^^^^^^^^^^^^^^^^
UnicodeEncodeError: 'charmap' codec can't encode character '\u2717' in position 3: character maps to 
<undefined>
